{
  "structuredContent": {
    "results": [
      {
        "title": "File:Scarlett Johansson by Gage Skidmore 2 (cropped) (cropped).jpg",
        "description": "Scarlett Johansson speaking at the 2019 San Diego Comic-Con International in San Diego, California.",
        "imageUrl": "https://upload.wikimedia.org/wikipedia/commons/thumb/5/57/Scarlett_Johansson_by_Gage_Skidmore_2_%28cropped%29_%28cropped%29.jpg/960px-Scarlett_Johansson_by_Gage_Skidmore_2_%28cropped%29_%28cropped%29.jpg",
        "pageUrl": "https://commons.wikimedia.org/wiki/File:Scarlett_Johansson_by_Gage_Skidmore_2_(cropped)_(cropped).jpg"
      },
      {
        "title": "File:Scarlett Johansson by Gage Skidmore 2 (cropped).jpg",
        "description": "Scarlett Johansson speaking at the 2019 San Diego Comic-Con International in San Diego, California.",
        "imageUrl": "https://upload.wikimedia.org/wikipedia/commons/thumb/6/60/Scarlett_Johansson_by_Gage_Skidmore_2_%28cropped%29.jpg/960px-Scarlett_Johansson_by_Gage_Skidmore_2_%28cropped%29.jpg",
        "pageUrl": "https://commons.wikimedia.org/wiki/File:Scarlett_Johansson_by_Gage_Skidmore_2_(cropped).jpg"
      },
      {
        "title": "File:Scarlett Johansson in Kuwait 01b.jpg",
        "description": "Scarlett Johansson smiles after being pinned with gunnery sergeant rank during a meet and greet Jan. 20 in the United Service Organizations building at Camp Buehring, Kuwait. The 23-year-old bombshell met with nearly 600 service members at Camp Buehring, Kuwait Jan. 20 during her five-day United Service Organizations (USO) tour to the Persian Gulf region",
        "imageUrl": "https://upload.wikimedia.org/wikipedia/commons/thumb/4/42/Scarlett_Johansson_in_Kuwait_01b.jpg/960px-Scarlett_Johansson_in_Kuwait_01b.jpg",
        "pageUrl": "https://commons.wikimedia.org/wiki/File:Scarlett_Johansson_in_Kuwait_01b.jpg"
      }
    ]
  },
  "content": [
    {
      "type": "text",
      "text": "#1 File:Scarlett Johansson by Gage Skidmore 2 (cropped) (cropped).jpg\nScarlett Johansson speaking at the 2019 San Diego Comic-Con International in San Diego, California.\nImage: https://upload.wikimedia.org/wikipedia/commons/thumb/5/57/Scarlett_Johansson_by_Gage_Skidmore_2_%28cropped%29_%28cropped%29.jpg/960px-Scarlett_Johansson_by_Gage_Skidmore_2_%28cropped%29_%28cropped%29.jpg\nPage: https://commons.wikimedia.org/wiki/File:Scarlett_Johansson_by_Gage_Skidmore_2_(cropped)_(cropped).jpg\n\n#2 File:Scarlett Johansson by Gage Skidmore 2 (cropped).jpg\nScarlett Johansson speaking at the 2019 San Diego Comic-Con International in San Diego, California.\nImage: https://upload.wikimedia.org/wikipedia/commons/thumb/6/60/Scarlett_Johansson_by_Gage_Skidmore_2_%28cropped%29.jpg/960px-Scarlett_Johansson_by_Gage_Skidmore_2_%28cropped%29.jpg\nPage: https://commons.wikimedia.org/wiki/File:Scarlett_Johansson_by_Gage_Skidmore_2_(cropped).jpg\n\n#3 File:Scarlett Johansson in Kuwait 01b.jpg\nScarlett Johansson smiles after being pinned with gunnery sergeant rank during a meet and greet Jan. 20 in the United Service Organizations building at Camp Buehring, Kuwait. The 23-year-old bombshell met with nearly 600 service members at Camp Buehring, Kuwait Jan. 20 during her five-day United Service Organizations (USO) tour to the Persian Gulf region\nImage: https://upload.wikimedia.org/wikipedia/commons/thumb/4/42/Scarlett_Johansson_in_Kuwait_01b.jpg/960px-Scarlett_Johansson_in_Kuwait_01b.jpg\nPage: https://commons.wikimedia.org/wiki/File:Scarlett_Johansson_in_Kuwait_01b.jpg"
    }
  ]
}
